// Jest Snapshot v1, https://goo.gl/fbAQLP

exports[`Cal should render correctly 1`] = `
<blockquote>
  Mathematics is not about numbers, equations, computations, or algorithms: it is about understanding - William Paul Thurston
</blockquote>
`;

exports[`Calulator page should render correctly 1`] = `
<div
  className="calculatorPage"
>
  <h2>
    Let‘s do some Maths
  </h2>
  <div
    className="calculator parent"
  >
    <p
      className="display"
    >
      0
       
       
    </p>
    <button
      className="calcButton "
      onClick={[Function]}
      type="button"
    >
      AC
    </button>
    <button
      className="calcButton "
      onClick={[Function]}
      type="button"
    >
      +/-
    </button>
    <button
      className="calcButton "
      onClick={[Function]}
      type="button"
    >
      %
    </button>
    <button
      className="calcButton  operatorButton"
      onClick={[Function]}
      type="button"
    >
      ÷
    </button>
    <button
      className="calcButton "
      onClick={[Function]}
      type="button"
    >
      7
    </button>
    <button
      className="calcButton "
      onClick={[Function]}
      type="button"
    >
      8
    </button>
    <button
      className="calcButton "
      onClick={[Function]}
      type="button"
    >
      9
    </button>
    <button
      className="calcButton  operatorButton"
      onClick={[Function]}
      type="button"
    >
      x
    </button>
    <button
      className="calcButton "
      onClick={[Function]}
      type="button"
    >
      4
    </button>
    <button
      className="calcButton "
      onClick={[Function]}
      type="button"
    >
      5
    </button>
    <button
      className="calcButton "
      onClick={[Function]}
      type="button"
    >
      6
    </button>
    <button
      className="calcButton  operatorButton"
      onClick={[Function]}
      type="button"
    >
      -
    </button>
    <button
      className="calcButton "
      onClick={[Function]}
      type="button"
    >
      1
    </button>
    <button
      className="calcButton "
      onClick={[Function]}
      type="button"
    >
      2
    </button>
    <button
      className="calcButton "
      onClick={[Function]}
      type="button"
    >
      3
    </button>
    <button
      className="calcButton  operatorButton"
      onClick={[Function]}
      type="button"
    >
      +
    </button>
    <button
      className="calcButton "
      onClick={[Function]}
      type="button"
    >
      .
    </button>
    <button
      className="calcButton  operatorButton"
      onClick={[Function]}
      type="button"
    >
      =
    </button>
    <button
      className="calcButton zeroButton"
      onClick={[Function]}
      type="button"
    >
      0
    </button>
  </div>
</div>
`;

exports[`Quote should render correctly 1`] = `
<blockquote>
  Mathematics is not about numbers, equations, computations, or algorithms: it is about understanding - William Paul Thurston
</blockquote>
`;

exports[`Testing pages that should render correctly Calculator page should render correctly 1`] = `
<div
  className="calculatorPage"
>
  <h2>
    Let‘s do some Maths
  </h2>
  <div
    className="calculator parent"
  >
    <p
      className="display"
    >
      0
       
       
    </p>
    <button
      className="calcButton "
      onClick={[Function]}
      type="button"
    >
      AC
    </button>
    <button
      className="calcButton "
      onClick={[Function]}
      type="button"
    >
      +/-
    </button>
    <button
      className="calcButton "
      onClick={[Function]}
      type="button"
    >
      %
    </button>
    <button
      className="calcButton  operatorButton"
      onClick={[Function]}
      type="button"
    >
      ÷
    </button>
    <button
      className="calcButton "
      onClick={[Function]}
      type="button"
    >
      7
    </button>
    <button
      className="calcButton "
      onClick={[Function]}
      type="button"
    >
      8
    </button>
    <button
      className="calcButton "
      onClick={[Function]}
      type="button"
    >
      9
    </button>
    <button
      className="calcButton  operatorButton"
      onClick={[Function]}
      type="button"
    >
      x
    </button>
    <button
      className="calcButton "
      onClick={[Function]}
      type="button"
    >
      4
    </button>
    <button
      className="calcButton "
      onClick={[Function]}
      type="button"
    >
      5
    </button>
    <button
      className="calcButton "
      onClick={[Function]}
      type="button"
    >
      6
    </button>
    <button
      className="calcButton  operatorButton"
      onClick={[Function]}
      type="button"
    >
      -
    </button>
    <button
      className="calcButton "
      onClick={[Function]}
      type="button"
    >
      1
    </button>
    <button
      className="calcButton "
      onClick={[Function]}
      type="button"
    >
      2
    </button>
    <button
      className="calcButton "
      onClick={[Function]}
      type="button"
    >
      3
    </button>
    <button
      className="calcButton  operatorButton"
      onClick={[Function]}
      type="button"
    >
      +
    </button>
    <button
      className="calcButton "
      onClick={[Function]}
      type="button"
    >
      .
    </button>
    <button
      className="calcButton  operatorButton"
      onClick={[Function]}
      type="button"
    >
      =
    </button>
    <button
      className="calcButton zeroButton"
      onClick={[Function]}
      type="button"
    >
      0
    </button>
  </div>
</div>
`;

exports[`Testing pages that should render correctly Calulator page should render correctly 1`] = `
<div
  className="calculatorPage"
>
  <h2>
    Let‘s do some Maths
  </h2>
  <div
    className="calculator parent"
  >
    <p
      className="display"
    >
      0
       
       
    </p>
    <button
      className="calcButton "
      onClick={[Function]}
      type="button"
    >
      AC
    </button>
    <button
      className="calcButton "
      onClick={[Function]}
      type="button"
    >
      +/-
    </button>
    <button
      className="calcButton "
      onClick={[Function]}
      type="button"
    >
      %
    </button>
    <button
      className="calcButton  operatorButton"
      onClick={[Function]}
      type="button"
    >
      ÷
    </button>
    <button
      className="calcButton "
      onClick={[Function]}
      type="button"
    >
      7
    </button>
    <button
      className="calcButton "
      onClick={[Function]}
      type="button"
    >
      8
    </button>
    <button
      className="calcButton "
      onClick={[Function]}
      type="button"
    >
      9
    </button>
    <button
      className="calcButton  operatorButton"
      onClick={[Function]}
      type="button"
    >
      x
    </button>
    <button
      className="calcButton "
      onClick={[Function]}
      type="button"
    >
      4
    </button>
    <button
      className="calcButton "
      onClick={[Function]}
      type="button"
    >
      5
    </button>
    <button
      className="calcButton "
      onClick={[Function]}
      type="button"
    >
      6
    </button>
    <button
      className="calcButton  operatorButton"
      onClick={[Function]}
      type="button"
    >
      -
    </button>
    <button
      className="calcButton "
      onClick={[Function]}
      type="button"
    >
      1
    </button>
    <button
      className="calcButton "
      onClick={[Function]}
      type="button"
    >
      2
    </button>
    <button
      className="calcButton "
      onClick={[Function]}
      type="button"
    >
      3
    </button>
    <button
      className="calcButton  operatorButton"
      onClick={[Function]}
      type="button"
    >
      +
    </button>
    <button
      className="calcButton "
      onClick={[Function]}
      type="button"
    >
      .
    </button>
    <button
      className="calcButton  operatorButton"
      onClick={[Function]}
      type="button"
    >
      =
    </button>
    <button
      className="calcButton zeroButton"
      onClick={[Function]}
      type="button"
    >
      0
    </button>
  </div>
</div>
`;

exports[`Testing pages that should render correctly Home page should render correctly 1`] = `
<div
  className="calculatorPage"
>
  <h2>
    Let‘s do some Maths
  </h2>
  <div
    className="calculator parent"
  >
    <p
      className="display"
    >
      0
       
       
    </p>
    <button
      className="calcButton "
      onClick={[Function]}
      type="button"
    >
      AC
    </button>
    <button
      className="calcButton "
      onClick={[Function]}
      type="button"
    >
      +/-
    </button>
    <button
      className="calcButton "
      onClick={[Function]}
      type="button"
    >
      %
    </button>
    <button
      className="calcButton  operatorButton"
      onClick={[Function]}
      type="button"
    >
      ÷
    </button>
    <button
      className="calcButton "
      onClick={[Function]}
      type="button"
    >
      7
    </button>
    <button
      className="calcButton "
      onClick={[Function]}
      type="button"
    >
      8
    </button>
    <button
      className="calcButton "
      onClick={[Function]}
      type="button"
    >
      9
    </button>
    <button
      className="calcButton  operatorButton"
      onClick={[Function]}
      type="button"
    >
      x
    </button>
    <button
      className="calcButton "
      onClick={[Function]}
      type="button"
    >
      4
    </button>
    <button
      className="calcButton "
      onClick={[Function]}
      type="button"
    >
      5
    </button>
    <button
      className="calcButton "
      onClick={[Function]}
      type="button"
    >
      6
    </button>
    <button
      className="calcButton  operatorButton"
      onClick={[Function]}
      type="button"
    >
      -
    </button>
    <button
      className="calcButton "
      onClick={[Function]}
      type="button"
    >
      1
    </button>
    <button
      className="calcButton "
      onClick={[Function]}
      type="button"
    >
      2
    </button>
    <button
      className="calcButton "
      onClick={[Function]}
      type="button"
    >
      3
    </button>
    <button
      className="calcButton  operatorButton"
      onClick={[Function]}
      type="button"
    >
      +
    </button>
    <button
      className="calcButton "
      onClick={[Function]}
      type="button"
    >
      .
    </button>
    <button
      className="calcButton  operatorButton"
      onClick={[Function]}
      type="button"
    >
      =
    </button>
    <button
      className="calcButton zeroButton"
      onClick={[Function]}
      type="button"
    >
      0
    </button>
  </div>
</div>
`;

exports[`Testing pages that should render correctly Quote should render correctly 1`] = `
<blockquote>
  Mathematics is not about numbers, equations, computations, or algorithms: it is about understanding - William Paul Thurston
</blockquote>
`;
