// Jest Snapshot v1, https://goo.gl/fbAQLP

exports[`Calculator pages that should render correctly Home page should render correctly 1`] = `
<div>
  <h2>
    Welcome to our page
  </h2>
  <p
    className="paragraph"
  >
    Lorem ipsum dolor sit amet, consectetur adipiscing elit. Nunc id suscipit est. Duis at tortor sed mauris porta finibus. Nam ac mauris sed est scelerisque placerat non ut elit. Nulla facilisi. Vivamus egestas libero vel libero ornare, eget aliquet dolor convallis. Donec efficitur metus nec erat pretium maximus. Suspendisse efficitur nibh eget purus lacinia, id aliquet felis auctor. Cras nec cursus eros. Donec erat lectus, venenatis quis nibh eget, congue commodo quam. Ut accumsan dictum quam a luctus. Nullam pellentesque ante eros, ut pharetra leo finibus sed. Aliquam augue nisi, volutpat ac posuere placerat, condimentum eget dui. Donec convallis, ipsum eu viverra tempus, quam diam elementum purus, vel eleifend nibh nunc at est. Nunc vestibulum sem enim, at ultrices lacus sodales eget. Curabitur a nisi dolor. Vestibulum convallis nec dui id sagittis.
  </p>
  <p
    className="paragraph"
  >
    Morbi quis eleifend elit, in ornare neque. Ut tincidunt efficitur euismod. Donec eget convallis dui, sed sollicitudin ex. Interdum et malesuada fames ac ante ipsum primis in faucibus. Curabitur vestibulum aliquet placerat. Phasellus molestie tempus aliquet. Vivamus venenatis tristique eleifend.
  </p>
</div>
`;
